// Jest Snapshot v1, https://goo.gl/fbAQLP

exports[`Snapshot test 1`] = `
<div>
  <div>
    Sample Image Component
  </div>
  <span>
    
  </span>
  <div>
    Sample Product Options Component
  </div>
  <span>
    <mock-FormattedMessage
      defaultMessage="Qty :"
      id="checkoutPage.quantity"
      values={
        Object {
          "quantity": 5,
        }
      }
    />
  </span>
</div>
`;
